// Jest Snapshot v1, https://goo.gl/fbAQLP

exports[`<App/> should render 1`] = `
<App>
  <div>
    <Component
      message="Hello World"
    >
      <h1>
        Hello World
      </h1>
    </Component>
    <Counter>
      <p>
        0
      </p>
      <button
        onClick={[Function]}
      >
        Increment
      </button>
      <button
        onClick={[Function]}
      >
        Decrement
      </button>
    </Counter>
  </div>
</App>
`;
